// Jest Snapshot v1, https://goo.gl/fbAQLP

exports[`Testing snapshot for PlayerzeroCloud's forwardEvent destination action: all fields 1`] = `
Array [
  Object {},
]
`;

exports[`Testing snapshot for PlayerzeroCloud's forwardEvent destination action: required fields 1`] = `
Array [
  Object {},
]
`;
